MPLINK 5.08, LINKER
Linker Map File - Created Sun Jan 29 18:59:15 2017

                                 Section Info
                  Section       Type    Address   Location Size(Bytes)
                ---------  ---------  ---------  ---------  ---------
                   .org_0       code   0x000000    program   0x000002
                   .cinit    romdata   0x000001    program   0x000004
                   .org_1       code   0x000004    program   0x000002
                   .org_2       code   0x000005    program   0x00004a
.config_2007_BUILD/DEFAULT/DEBUG/COMPARADORES       code   0x002007    program   0x000002
.config_2008_BUILD/DEFAULT/DEBUG/COMPARADORES       code   0x002008    program   0x000002



                              Program Memory Usage 
                               Start         End      
                           ---------   ---------      
                            0x000000    0x000002      
                            0x000004    0x000029      
                            0x002007    0x002008      
            43 out of 8455 program addresses used, program memory utilization is 0%



                              Symbols - Sorted by Name
                     Name    Address   Location    Storage File                     
                ---------  ---------  ---------  --------- ---------                
                  CONTROL   0x000018    program     static C:\Users\Leandro\MPLABXProjects\COMPARADORES.X\COMPARADORES.asm
                   INICIO   0x000008    program     static C:\Users\Leandro\MPLABXProjects\COMPARADORES.X\COMPARADORES.asm
             INTERRUPCION   0x000005    program     static C:\Users\Leandro\MPLABXProjects\COMPARADORES.X\COMPARADORES.asm
                     LED1   0x00001d    program     static C:\Users\Leandro\MPLABXProjects\COMPARADORES.X\COMPARADORES.asm
                     LED2   0x000021    program     static C:\Users\Leandro\MPLABXProjects\COMPARADORES.X\COMPARADORES.asm
             _.org_2_0029   0x000029    program     static C:\Users\Leandro\MPLABXProjects\COMPARADORES.X\COMPARADORES.asm



                              Symbols - Sorted by Address
                     Name    Address   Location    Storage File                     
                ---------  ---------  ---------  --------- ---------                
             INTERRUPCION   0x000005    program     static C:\Users\Leandro\MPLABXProjects\COMPARADORES.X\COMPARADORES.asm
                   INICIO   0x000008    program     static C:\Users\Leandro\MPLABXProjects\COMPARADORES.X\COMPARADORES.asm
                  CONTROL   0x000018    program     static C:\Users\Leandro\MPLABXProjects\COMPARADORES.X\COMPARADORES.asm
                     LED1   0x00001d    program     static C:\Users\Leandro\MPLABXProjects\COMPARADORES.X\COMPARADORES.asm
                     LED2   0x000021    program     static C:\Users\Leandro\MPLABXProjects\COMPARADORES.X\COMPARADORES.asm
             _.org_2_0029   0x000029    program     static C:\Users\Leandro\MPLABXProjects\COMPARADORES.X\COMPARADORES.asm


